<html>
<body>
<pre>
<h1>µVision Build Log</h1>
<h2>Tool Versions:</h2>
IDE-Version: ¦ÌVision V5.33.0.0
Copyright (C) 2020 ARM Ltd and ARM Germany GmbH. All rights reserved.
License Information: 111 111, 111, LIC=ATTQ1-CDRUI-VEVHA-1MNXJ-1MV37-ID9R8
 
Tool Versions:
Toolchain:       MDK-ARM Plus  Version: 5.33.0.0
Toolchain Path:  D:\Program Files\Keil_v5\ARM\ARMCLANG\Bin
C Compiler:      ArmClang.exe V6.15
Assembler:       Armasm.exe V6.15
Linker/Locator:  ArmLink.exe V6.15
Library Manager: ArmAr.exe V6.15
Hex Converter:   FromElf.exe V6.15
CPU DLL:         SARMCM3.DLL V5.33.0.0
Dialog DLL:      DARMCM1.DLL V1.19.4.0
Target DLL:      CMSIS_AGDI.dll V1.32.12.0
Dialog DLL:      TARMCM1.DLL V1.14.3.0
 
<h2>Project:</h2>
D:\Ti\M0_SDK\mspm0_sdk_2_02_00_05\IIC_Getdata\keil\empty_LP_MSPM0G3507_nortos_keil.uvprojx
Project File Date:  07/05/2026

<h2>Output:</h2>
*** Using Compiler 'V6.15', folder: 'D:\Program Files\Keil_v5\ARM\ARMCLANG\Bin'
Rebuild target 'empty_LP_MSPM0G3507_nortos_keil'
Before Build - User command #1: cmd.exe /C "D:\Ti\M0_SDK\mspm0_sdk_2_02_00_05\IIC_Getdata\keil\../../tools/keil/syscfg.bat 'D:\Ti\M0_SDK\mspm0_sdk_2_02_00_05\IIC_Getdata\keil\' empty.syscfg"
Using Sysconfig Tool from "D:\Ti\SYSCONFIG\sysconfig_cli.bat"
"Update the file located at <sdk path>/tools/keil/syscfg.bat to use a different version"
Running script...
Validating...
info: SPI_LCD(/ti/driverlib/SPI): Peripheral does not retain register contents in STOP or STANDBY modes. User should take care to save and restore register configuration in application. See Retention Configuration section for more details.
Generating Code (empty.syscfg)...
Unchanged D:\Ti\M0_SDK\mspm0_sdk_2_02_00_05\IIC_Getdata\ti_msp_dl_config.c...
Unchanged D:\Ti\M0_SDK\mspm0_sdk_2_02_00_05\IIC_Getdata\ti_msp_dl_config.h...
Unchanged D:\Ti\M0_SDK\mspm0_sdk_2_02_00_05\IIC_Getdata\Event.dot...
compiling ti_msp_dl_config.c...
assembling startup_mspm0g350x_uvision.s...
compiling Delay.c...
compiling main.c...
compiling I2C.c...
compiling lcd_init.c...
compiling lcd.c...
linking...
Program Size: Code=8692 RO-data=13604 RW-data=8 ZI-data=1424  
FromELF: creating hex file...
".\Objects\empty_LP_MSPM0G3507_nortos_keil.axf" - 0 Error(s), 0 Warning(s).

<h2>Software Packages used:</h2>

Package Vendor: TexasInstruments
                https://software-dl.ti.com/msp430/esd/MSPM0-CMSIS/MSPM0G1X0X_G3X0X/latest/exports/TexasInstruments.MSPM0G1X0X_G3X0X_DFP.1.3.1.pack
                TexasInstruments.MSPM0G1X0X_G3X0X_DFP.1.3.1
                Device Family Pack for Texas Instruments MSPM0G1X0X_G3X0X Series

<h2>Collection of Component include folders:</h2>

<h2>Collection of Component Files used:</h2>
Build Time Elapsed:  00:00:02
</pre>
</body>
</html>
